
Admin@DESKTOP-35ABRQQ MINGW64 ~/Desktop/GitDemo
$ git init
Initialized empty Git repository in C:/Users/Admin/Desktop/GitDemo/.git/

Admin@DESKTOP-35ABRQQ MINGW64 ~/Desktop/GitDemo (master)
$ git status
On branch master

No commits yet

Untracked files:
  (use "git add <file>..." to include in what will be committed)
        text.txt

nothing added to commit but untracked files present (use "git add" to track)

Admin@DESKTOP-35ABRQQ MINGW64 ~/Desktop/GitDemo (master)
$ git add text.txt

Admin@DESKTOP-35ABRQQ MINGW64 ~/Desktop/GitDemo (master)
$ git status
On branch master

No commits yet

Changes to be committed:
  (use "git rm --cached <file>..." to unstage)
        new file:   text.txt


Admin@DESKTOP-35ABRQQ MINGW64 ~/Desktop/GitDemo (master)
$ git status
On branch master

No commits yet

Changes to be committed:
  (use "git rm --cached <file>..." to unstage)
        new file:   text.txt

Untracked files:
  (use "git add <file>..." to include in what will be committed)
        test2.txt
        text1.txt


Admin@DESKTOP-35ABRQQ MINGW64 ~/Desktop/GitDemo (master)
$ git add .

Admin@DESKTOP-35ABRQQ MINGW64 ~/Desktop/GitDemo (master)
$ git status
On branch master

No commits yet

Changes to be committed:
  (use "git rm --cached <file>..." to unstage)
        new file:   test2.txt
        new file:   text.txt
        new file:   text1.txt


Admin@DESKTOP-35ABRQQ MINGW64 ~/Desktop/GitDemo (master)
$ git status
On branch master

No commits yet

Changes to be committed:
  (use "git rm --cached <file>..." to unstage)
        new file:   test2.txt
        new file:   text.txt
        new file:   text1.txt

Changes not staged for commit:
  (use "git add <file>..." to update what will be committed)
  (use "git restore <file>..." to discard changes in working directory)
        modified:   text1.txt


Admin@DESKTOP-35ABRQQ MINGW64 ~/Desktop/GitDemo (master)
$ git restore
fatal: you must specify path(s) to restore

Admin@DESKTOP-35ABRQQ MINGW64 ~/Desktop/GitDemo (master)
$ git restore text1.txt

Admin@DESKTOP-35ABRQQ MINGW64 ~/Desktop/GitDemo (master)
$ git status
On branch master

No commits yet

Changes to be committed:
  (use "git rm --cached <file>..." to unstage)
        new file:   test2.txt
        new file:   text.txt
        new file:   text1.txt


Admin@DESKTOP-35ABRQQ MINGW64 ~/Desktop/GitDemo (master)
$ git rm --cached text.txt
rm 'text.txt'

Admin@DESKTOP-35ABRQQ MINGW64 ~/Desktop/GitDemo (master)
$ git status
On branch master

No commits yet

Changes to be committed:
  (use "git rm --cached <file>..." to unstage)
        new file:   test2.txt
        new file:   text1.txt

Untracked files:
  (use "git add <file>..." to include in what will be committed)
        text.txt


Admin@DESKTOP-35ABRQQ MINGW64 ~/Desktop/GitDemo (master)
$ git commit -m"Hello"
Author identity unknown

*** Please tell me who you are.

Run

  git config --global user.email "you@example.com"
  git config --global user.name "Your Name"

to set your account's default identity.
Omit --global to set the identity only in this repository.

fatal: unable to auto-detect email address (got 'Admin@DESKTOP-35ABRQQ.(none)')

Admin@DESKTOP-35ABRQQ MINGW64 ~/Desktop/GitDemo (master)
$ git ^C

Admin@DESKTOP-35ABRQQ MINGW64 ~/Desktop/GitDemo (master)
$   git config --global user.email "swathimani54@gmail.com"

Admin@DESKTOP-35ABRQQ MINGW64 ~/Desktop/GitDemo (master)
$   git config --global user.name "swathi"

Admin@DESKTOP-35ABRQQ MINGW64 ~/Desktop/GitDemo (master)
$ git commit -m"Hello"
[master (root-commit) 3c4f95e] Hello
 2 files changed, 0 insertions(+), 0 deletions(-)
 create mode 100644 test2.txt
 create mode 100644 text1.txt

Admin@DESKTOP-35ABRQQ MINGW64 ~/Desktop/GitDemo (master)
$ git status
On branch master
Untracked files:
  (use "git add <file>..." to include in what will be committed)
        text.txt

nothing added to commit but untracked files present (use "git add" to track)

Admin@DESKTOP-35ABRQQ MINGW64 ~/Desktop/GitDemo (master)
$
comflicting cjanges in subBranch
